// ClipboardFactory.cpp
#include "ClipboardFactory.h"

using namespace Microsoft::WRL;


namespace Windows
{
namespace ApplicationModel
{
namespace DataTransfer
{
// Windows::ApplicationModel::DataTransfer::IClipboardStatics
IFACEMETHODIMP ClipboardFactory::GetContent(_Outptr_ IDataPackageView** value)
{
    return E_NOTIMPL;
}

// Windows::ApplicationModel::DataTransfer::IClipboardStatics
IFACEMETHODIMP ClipboardFactory::SetContent(_In_ IDataPackage* content)
{
    return E_NOTIMPL;
}

// Windows::ApplicationModel::DataTransfer::IClipboardStatics
IFACEMETHODIMP ClipboardFactory::Flush()
{
    return E_NOTIMPL;
}

// Windows::ApplicationModel::DataTransfer::IClipboardStatics
IFACEMETHODIMP ClipboardFactory::Clear()
{
    return E_NOTIMPL;
}

// Windows::ApplicationModel::DataTransfer::IClipboardStatics
IFACEMETHODIMP ClipboardFactory::add_ContentChanged(_In_ IEventHandler<IInspectable>* eventHandler, _Out_ EventRegistrationToken* token)
{
    return m_ContentChangedEventHandlers.Add(eventHandler, token);
}

// Windows::ApplicationModel::DataTransfer::IClipboardStatics
IFACEMETHODIMP ClipboardFactory::remove_ContentChanged(_In_ EventRegistrationToken token)
{
    return m_ContentChangedEventHandlers.Remove(token);
}

// IActivationFactory
IFACEMETHODIMP ClipboardFactory::ActivateInstance(_Outptr_ IInspectable** inspectable)
{
    return E_NOTIMPL;
}

}
}
}

// ClipboardFactory.h
#include <Windows.ApplicationModel.h>
#include <wrl/implements.h>

namespace Windows
{
namespace ApplicationModel
{
namespace DataTransfer
{
class ClipboardFactory WrlFinal : Microsoft::WRL::ActivationFactory<
    Windows::ApplicationModel::DataTransfer::IClipboardStatics
    >
{
    InspectableClassStatic(RuntimeClass_Windows_ApplicationModel_DataTransfer_ClipboardFactory, BaseTrust);

public:
    ClipboardFactory();
    HRESULT RuntimeClassInitialize();

    // Windows::ApplicationModel::DataTransfer::IClipboardStatics
    IFACEMETHOD(GetContent)(_Outptr_ Windows::ApplicationModel::DataTransfer::IDataPackageView** value);
    IFACEMETHOD(SetContent)(_In_ Windows::ApplicationModel::DataTransfer::IDataPackage* content);
    IFACEMETHOD(Flush)();
    IFACEMETHOD(Clear)();
    IFACEMETHOD(add_ContentChanged)(_In_ IEventHandler<IInspectable>* eventHandler, _Out_ EventRegistrationToken* token);
    IFACEMETHOD(remove_ContentChanged)(_In_ EventRegistrationToken token);

    // IActivationFactory
    IFACEMETHOD(ActivateInstance)(_Outptr_ IInspectable** inspectable);

private:
    AgileEventSource<IEventHandler<IInspectable>> m_ContentChangedEventHandlers;
};


}
}
}

