#include <Windows.Foundation.h>
#include <Windows.ApplicationModel.h>
#include <wrl/implements.h>

using namespace Microsoft::WRL;
using namespace Windows::Foundation::Collections;

namespace Windows
{
namespace ApplicationModel
{
namespace Resources
{
namespace Core
{
class ResourceMapIterator WrlFinal : RuntimeClass<
    FtmBase,
    IIterator<IKeyValuePair<HSTRING, NamedResource>>
    >
{
    InspectableClass(RuntimeClass_Windows_ApplicationModel_Resources_Core_ResourceMapIterator, BaseTrust);

public:
    ResourceMapIterator();
    HRESULT RuntimeClassInitialize();

    // Windows::Foundation::Collections::IIterator<Windows::Foundation::Collections::IKeyValuePair<HSTRING, Windows::ApplicationModel::Resources::Core::NamedResource>>
    IFACEMETHOD(MoveNext)(_Out_ boolean* value);
    IFACEMETHOD(GetMany)(_Outptr_ IKeyValuePair<HSTRING, INamedResource>** items, _Out_ UINT32* value);
    IFACEMETHOD(get_Current)(_Outptr_ IKeyValuePair<HSTRING, INamedResource>** value);
    IFACEMETHOD(get_HasCurrent)(_Out_ boolean* value);

private:

};


// Windows::Foundation::Collections::IIterator<Windows::Foundation::Collections::IKeyValuePair<HSTRING, Windows::ApplicationModel::Resources::Core::NamedResource>>
IFACEMETHODIMP ResourceMapIterator::MoveNext(_Out_ boolean* value)
{
    return E_NOTIMPL;
}

// Windows::Foundation::Collections::IIterator<Windows::Foundation::Collections::IKeyValuePair<HSTRING, Windows::ApplicationModel::Resources::Core::NamedResource>>
IFACEMETHODIMP ResourceMapIterator::GetMany(_Outptr_ IKeyValuePair<HSTRING, INamedResource>** items, _Out_ UINT32* value)
{
    return E_NOTIMPL;
}

// Windows::Foundation::Collections::IIterator<Windows::Foundation::Collections::IKeyValuePair<HSTRING, Windows::ApplicationModel::Resources::Core::NamedResource>>
IFACEMETHODIMP ResourceMapIterator::get_Current(_Outptr_ IKeyValuePair<HSTRING, INamedResource>** /* value */)
{
    return E_NOTIMPL;
}

// Windows::Foundation::Collections::IIterator<Windows::Foundation::Collections::IKeyValuePair<HSTRING, Windows::ApplicationModel::Resources::Core::NamedResource>>
IFACEMETHODIMP ResourceMapIterator::get_HasCurrent(_Out_ boolean* /* value */)
{
    return E_NOTIMPL;
}

}
}
}
}
