#include <Windows.System.h>
#include <Windows.Foundation.h>
#include <wrl/implements.h>

using namespace Microsoft::WRL;
using namespace Windows::Foundation;

namespace Windows
{
namespace System
{
namespace RemoteSystems
{
class RemoteSystemSessionController WrlFinal : RuntimeClass<
    FtmBase,
    IRemoteSystemSessionController
    >
{
    InspectableClass(RuntimeClass_Windows_System_RemoteSystems_RemoteSystemSessionController, BaseTrust);

public:
    RemoteSystemSessionController();
    HRESULT RuntimeClassInitialize();

    // Windows::System::RemoteSystems::IRemoteSystemSessionController
    IFACEMETHOD(RemoveParticipantAsync)(_In_ RemoteSystemSessionParticipant* pParticipant, _Outptr_ IAsyncOperation<boolean>** value);
    IFACEMETHOD(CreateSessionAsync)(_Outptr_ IAsyncOperation<RemoteSystemSessionCreationResult>** value);
    IFACEMETHOD(add_JoinRequested)(_In_ TypedEventHandler<RemoteSystemSessionController, RemoteSystemSessionJoinRequestedEventArgs>* eventHandler, _Out_ EventRegistrationToken* token);
    IFACEMETHOD(remove_JoinRequested)(_In_ EventRegistrationToken token);

private:
    AgileEventSource<TypedEventHandler<RemoteSystemSessionController, RemoteSystemSessionJoinRequestedEventArgs>> m_JoinRequestedEventHandlers;
};
ActivatableClassWithFactory(RemoteSystemSessionController, RemoteSystemSessionControllerFactory);

// Windows::System::RemoteSystems::IRemoteSystemSessionController
IFACEMETHODIMP RemoteSystemSessionController::RemoveParticipantAsync(_In_ RemoteSystemSessionParticipant* pParticipant, _Outptr_ IAsyncOperation<boolean>** value)
{
    return E_NOTIMPL;
}

// Windows::System::RemoteSystems::IRemoteSystemSessionController
IFACEMETHODIMP RemoteSystemSessionController::CreateSessionAsync(_Outptr_ IAsyncOperation<RemoteSystemSessionCreationResult>** value)
{
    return E_NOTIMPL;
}

// Windows::System::RemoteSystems::IRemoteSystemSessionController
IFACEMETHODIMP RemoteSystemSessionController::add_JoinRequested(_In_ TypedEventHandler<RemoteSystemSessionController, RemoteSystemSessionJoinRequestedEventArgs>* eventHandler, _Out_ EventRegistrationToken* token)
{
    return m_JoinRequestedEventHandlers.Add(eventHandler, token);
}

// Windows::System::RemoteSystems::IRemoteSystemSessionController
IFACEMETHODIMP RemoteSystemSessionController::remove_JoinRequested(_In_ EventRegistrationToken token)
{
    return m_JoinRequestedEventHandlers.Remove(token);
}

}
}
}
#include <Windows.System.h>
#include <wrl/implements.h>

using namespace Microsoft::WRL;


namespace Windows
{
namespace System
{
namespace RemoteSystems
{
class RemoteSystemSessionControllerFactory WrlFinal : AgileActivationFactory<
    IRemoteSystemSessionControllerFactory
    >
{
    InspectableClass(RuntimeClass_Windows_System_RemoteSystems_RemoteSystemSessionControllerFactory, BaseTrust);

public:
    RemoteSystemSessionControllerFactory();
    HRESULT RuntimeClassInitialize();

    // Windows::System::RemoteSystems::IRemoteSystemSessionControllerFactory
    IFACEMETHOD(CreateController)(_In_ HSTRING displayName, _Outptr_ RemoteSystemSessionController** value);
    IFACEMETHOD(CreateController)(_In_ HSTRING displayName, _In_ RemoteSystemSessionOptions* options, _Outptr_ RemoteSystemSessionController** value);

    // IActivationFactory
    IFACEMETHOD(ActivateInstance)(_Outptr_ IInspectable** inspectable);

private:

};


// Windows::System::RemoteSystems::IRemoteSystemSessionControllerFactory
IFACEMETHODIMP RemoteSystemSessionControllerFactory::CreateController(_In_ HSTRING displayName, _Outptr_ RemoteSystemSessionController** value)
{
    return E_NOTIMPL;
}

// Windows::System::RemoteSystems::IRemoteSystemSessionControllerFactory
IFACEMETHODIMP RemoteSystemSessionControllerFactory::CreateController(_In_ HSTRING displayName, _In_ RemoteSystemSessionOptions* options, _Outptr_ RemoteSystemSessionController** value)
{
    return E_NOTIMPL;
}

// IActivationFactory
IFACEMETHODIMP RemoteSystemSessionControllerFactory::ActivateInstance(_Outptr_ IInspectable** inspectable)
{
    return E_NOTIMPL;
}

}
}
}
