#include <Windows.Devices.h>
#include <wrl/implements.h>

using namespace Microsoft::WRL;


namespace Windows
{
namespace Devices
{
namespace Custom
{
class KnownDeviceTypesFactory WrlFinal : AgileActivationFactory<
    IKnownDeviceTypesStatics
    >
{
    InspectableClassStatic(RuntimeClass_Windows_Devices_Custom_KnownDeviceTypesFactory, BaseTrust);

public:
    KnownDeviceTypesFactory();
    HRESULT RuntimeClassInitialize();

    // Windows::Devices::Custom::IKnownDeviceTypesStatics
    IFACEMETHOD(get_Unknown)(_Out_ UINT16* value);

    // IActivationFactory
    IFACEMETHOD(ActivateInstance)(_Outptr_ IInspectable** inspectable);

private:

};


// Windows::Devices::Custom::IKnownDeviceTypesStatics
IFACEMETHODIMP KnownDeviceTypesFactory::get_Unknown(_Out_ UINT16* value)
{
    return E_NOTIMPL;
}

// IActivationFactory
IFACEMETHODIMP KnownDeviceTypesFactory::ActivateInstance(_Outptr_ IInspectable** inspectable)
{
    return E_NOTIMPL;
}

}
}
}
